2025-08-05 20:15:35,373 - INFO - GET - Rota principal
2025-08-05 20:23:14,260 - INFO - Get - Censo escolar por ano: 2024
2025-08-05 20:23:14,264 - INFO - Get - Censo escolar por ano: 2024
2025-08-05 20:23:14,807 - INFO - Get - Censo escolar por ano: 2024
2025-08-05 20:23:15,121 - INFO - Get - Censo escolar por ano: 2024
2025-08-05 20:23:49,103 - INFO - Get - Censo escolar por ano: 2024
2025-08-05 20:24:20,246 - INFO - Get - Censo escolar por ano: 2024
2025-08-05 20:24:24,823 - INFO - Get - Censo escolar por ano: 2024
2025-08-05 20:24:28,327 - INFO - Get - Censo escolar por ano: 2024
2025-08-05 20:24:29,325 - INFO - Get - Censo escolar por ano: 2024
2025-08-05 20:25:14,264 - INFO - Get - Censo escolar por ano: 2024
2025-08-05 20:25:14,267 - INFO - Get - Censo escolar por ano: 2024
2025-08-05 20:25:18,276 - INFO - Get - Censo escolar por ano: 2024
2025-08-05 20:26:05,735 - INFO - Get - Censo escolar por ano: 2024
2025-08-05 20:26:08,910 - INFO - Get - Censo escolar por ano: 2024
2025-08-05 20:26:17,944 - INFO - Get - Censo escolar por ano: 2024
2025-08-05 20:26:33,404 - INFO - Get - Censo escolar por ano: 2024
2025-08-05 21:38:32,224 - INFO - GET /Estados
2025-08-05 21:39:31,965 - INFO - GET - Estados
2025-08-05 21:40:40,067 - INFO - Get - Censo escolar por ano: 2024
2025-08-05 21:40:59,959 - INFO - Get - Censo escolar por ano: 2023
2025-08-05 21:41:53,185 - INFO - Get - Censo escolar por ano: 2023
2025-08-05 21:42:02,217 - INFO - Get - Censo escolar por ano: 2023
2025-08-05 21:42:39,584 - INFO - Get - Censo escolar por ano: 2023
2025-08-05 21:42:52,053 - INFO - Get - Censo escolar por ano: 2023
2025-08-05 21:45:12,961 - INFO - Get - Censo escolar por ano: 2023
2025-08-05 21:45:12,999 - INFO - Get - Censo escolar por ano e estado: 2023 , 11
2025-08-05 21:46:24,914 - INFO - Get - Censo escolar por ano e estado: 2023 , 11
2025-08-05 21:46:38,796 - INFO - Get - Censo escolar por ano: 2023
2025-08-05 21:48:07,082 - INFO - Get - Censo escolar por ano: 2023
2025-08-05 22:27:33,849 - INFO - GET - instituicoes/11000023/2023
2025-08-05 22:27:41,350 - INFO - GET - instituicoes/11000023/2024
